CUSTOMERID,FIRSTNAME,LASTNAME,NB_ORDER,PC_ORDER
C001,John,Doe,1,1999.98
